src/components/Dashboard.tsx(64,9): error TS2339: Property 'calibrationModeActive' does not exist on type 'SimulationState'.
src/components/Dashboard.tsx(66,9): error TS2339: Property 'autoPilotActive' does not exist on type 'SimulationState'.
src/components/panels/CitySummaryPanel.tsx(30,129): error TS7053: Element implicitly has an 'any' type because expression of type 'string' can't be used to index type '{ OPTIMAL: string; MODERATE: string; SEVERE: string; }'.
  No index signature with a parameter of type 'string' was found on type '{ OPTIMAL: string; MODERATE: string; SEVERE: string; }'.
src/components/panels/CitySummaryPanel.tsx(35,71): error TS7053: Element implicitly has an 'any' type because expression of type 'string' can't be used to index type '{ RESILIENT: string; VULNERABLE: string; 'HIGH RISK': string; }'.
  No index signature with a parameter of type 'string' was found on type '{ RESILIENT: string; VULNERABLE: string; 'HIGH RISK': string; }'.
src/components/panels/CitySummaryPanel.tsx(85,50): error TS7053: Element implicitly has an 'any' type because expression of type 'string' can't be used to index type '{ RESILIENT: string; VULNERABLE: string; 'HIGH RISK': string; }'.
  No index signature with a parameter of type 'string' was found on type '{ RESILIENT: string; VULNERABLE: string; 'HIGH RISK': string; }'.
src/components/panels/SimulationPanel.tsx(19,9): error TS2339: Property 'calibrationModeActive' does not exist on type 'SimulationState'.
src/components/panels/SimulationPanel.tsx(124,30): error TS2304: Cannot find name 'Settings'.
src/store/useSimulationStore.ts(60,46): error TS2353: Object literal may only specify known properties, and 'calibrationModeActive' does not exist in type 'SimulationState | Partial<SimulationState> | ((state: SimulationState) => SimulationState | Partial<...>)'.
src/store/useSimulationStore.ts(61,40): error TS2353: Object literal may only specify known properties, and 'autoPilotActive' does not exist in type 'SimulationState | Partial<SimulationState> | ((state: SimulationState) => SimulationState | Partial<...>)'.
src/store/useSimulationStore.ts(75,9): error TS2353: Object literal may only specify known properties, and 'calibrationModeActive' does not exist in type 'SimulationState | Partial<SimulationState> | ((state: SimulationState) => SimulationState | Partial<...>)'.
